// Jest Snapshot v1, https://goo.gl/fbAQLP

exports[`TButton renders correctly 1`] = `
"<button class=\\"t-button\\">
  <!---->
  <!----></button>"
`;
