// Jest Snapshot v1, https://goo.gl/fbAQLP

exports[`TInput renders correctly 1`] = `
"<div class=\\"t-control t-control_type_text\\"><input type=\\"text\\" class=\\"t-control__input\\">
  <!---->
</div>"
`;
